// Jest Snapshot v1, https://goo.gl/fbAQLP

exports[`Home component snapshot 1`] = `ShallowWrapper {}`;

exports[`Home should render correctly 1`] = `ShallowWrapper {}`;

exports[`Home should render correctly 2`] = `ShallowWrapper {}`;
